21:51:31.749 item team=red name=红方基地顶部交互组件 components=9098 body_triangles=217761 pivot=(11.591,-0.323,-1.644)
21:51:31.750 unit team=red plate=base_top_slide light=False components=19 center=(11.591,-0.323,-1.644) normal=(1,0,0) size=(0.126,0.054)
21:51:31.751 unit team=red plate=base_top_slide light=True components=20 center=(11.591,-0.333,-1.644) normal=(-0.053,-0.999,-0) size=(0.131,0.066)
21:51:31.751 item team=blue name=蓝方基地顶部交互组件 components=9188 body_triangles=221545 pivot=(-11.593,-0.325,-1.644)
21:51:31.752 unit team=blue plate=base_top_slide light=False components=20 center=(-11.592,-0.324,-1.644) normal=(0.462,0.887,0) size=(0.126,0.057)
21:51:31.753 unit team=blue plate=base_top_slide light=True components=19 center=(-11.593,-0.33,-1.644) normal=(-0.136,-0.991,0) size=(0.131,0.055)
21:51:31.753 load_ok annotation=RMUC2026_MAP.component_roles.json terrain=RMUC2026_MAP.terraincache.lz4 items=2 units=4 body_triangles=439306 unit_triangles=2503
21:54:50.580 item team=red name=红方基地顶部交互组件 components=9098 body_triangles=0 pivot=(11.591,-0.323,-1.644)
21:54:50.581 unit team=red plate=base_top_slide light=False components=19 center=(11.591,-0.323,-1.644) normal=(1,0,0) size=(0.126,0.054)
21:54:50.582 unit team=red plate=base_top_slide light=True components=20 center=(11.591,-0.333,-1.644) normal=(-0.053,-0.999,-0) size=(0.131,0.066)
21:54:50.582 item team=blue name=蓝方基地顶部交互组件 components=9188 body_triangles=0 pivot=(-11.593,-0.325,-1.644)
21:54:50.583 unit team=blue plate=base_top_slide light=False components=20 center=(-11.592,-0.324,-1.644) normal=(0.462,0.887,0) size=(0.126,0.057)
21:54:50.583 unit team=blue plate=base_top_slide light=True components=19 center=(-11.593,-0.33,-1.644) normal=(-0.136,-0.991,0) size=(0.131,0.055)
21:54:50.584 load_ok annotation=RMUC2026_MAP.component_roles.json terrain=RMUC2026_MAP.terraincache.lz4 items=2 units=4 body_triangles=0 unit_triangles=2503
22:02:40.548 item team=red name=红方基地顶部交互组件 components=9098 body_triangles=0 pivot=(11.591,-0.323,-1.644)
22:02:40.550 unit team=red plate=base_top_slide light=False components=19 center=(11.591,-0.323,-1.644) normal=(1,0,0) size=(0.126,0.054)
22:02:40.550 unit team=red plate=base_top_slide light=True components=20 center=(11.591,-0.333,-1.644) normal=(-0.053,-0.999,-0) size=(0.131,0.066)
22:02:40.551 item team=blue name=蓝方基地顶部交互组件 components=9188 body_triangles=0 pivot=(-11.593,-0.325,-1.644)
22:02:40.551 unit team=blue plate=base_top_slide light=False components=20 center=(-11.592,-0.324,-1.644) normal=(0.462,0.887,0) size=(0.126,0.057)
22:02:40.552 unit team=blue plate=base_top_slide light=True components=19 center=(-11.593,-0.33,-1.644) normal=(-0.136,-0.991,0) size=(0.131,0.055)
22:02:40.552 load_ok annotation=RMUC2026_MAP.component_roles.json terrain=RMUC2026_MAP.terraincache.lz4 items=2 units=4 body_triangles=0 unit_triangles=2503
05:37:13.160 item team=red name=红方基地顶部交互组件 components=9098 body_triangles=217761 pivot=(11.591,-0.323,-1.644)
05:37:13.160 unit team=red plate=base_top_slide light=False components=19 center=(11.591,-0.323,-1.644) normal=(1,0,0) size=(0.126,0.054)
05:37:13.160 unit team=red plate=base_top_slide light=True components=20 center=(11.591,-0.333,-1.644) normal=(-0.053,-0.999,-0) size=(0.131,0.066)
05:37:13.160 item team=blue name=蓝方基地顶部交互组件 components=9188 body_triangles=221545 pivot=(-11.593,-0.325,-1.644)
05:37:13.160 unit team=blue plate=base_top_slide light=False components=20 center=(-11.592,-0.324,-1.644) normal=(0.462,0.887,0) size=(0.126,0.057)
05:37:13.160 unit team=blue plate=base_top_slide light=True components=19 center=(-11.593,-0.33,-1.644) normal=(-0.136,-0.991,0) size=(0.131,0.055)
05:37:13.160 load_ok annotation=RMUC2026_MAP.component_roles.json terrain=RMUC2026_MAP.terraincache.lz4 items=2 units=4 body_triangles=439306 unit_triangles=2503
05:39:12.784 item team=red name=红方基地顶部交互组件 components=9098 body_triangles=217761 pivot=(11.591,-0.323,-1.644)
05:39:12.784 unit team=red plate=base_top_slide light=False components=19 center=(11.591,-0.323,-1.644) normal=(1,0,0) size=(0.126,0.054)
05:39:12.785 unit team=red plate=base_top_slide light=True components=20 center=(11.591,-0.333,-1.644) normal=(-0.053,-0.999,-0) size=(0.131,0.066)
05:39:12.785 item team=blue name=蓝方基地顶部交互组件 components=9188 body_triangles=221545 pivot=(-11.593,-0.325,-1.644)
05:39:12.785 unit team=blue plate=base_top_slide light=False components=20 center=(-11.592,-0.324,-1.644) normal=(0.462,0.887,0) size=(0.126,0.057)
05:39:12.785 unit team=blue plate=base_top_slide light=True components=19 center=(-11.593,-0.33,-1.644) normal=(-0.136,-0.991,0) size=(0.131,0.055)
05:39:12.785 load_ok annotation=RMUC2026_MAP.component_roles.json terrain=RMUC2026_MAP.terraincache.lz4 items=2 units=4 body_triangles=439306 unit_triangles=2503
02:53:11.837 item team=red name=红方基地顶部交互组件 components=9098 body_triangles=217761 pivot=(11.591,-0.323,-1.644)
02:53:11.837 unit team=red plate=base_top_slide light=False components=19 center=(11.591,-0.323,-1.644) normal=(1,0,0) size=(0.126,0.054)
02:53:11.837 unit team=red plate=base_top_slide light=True components=20 center=(11.591,-0.333,-1.644) normal=(-0.053,-0.999,-0) size=(0.131,0.066)
02:53:11.837 item team=blue name=蓝方基地顶部交互组件 components=9188 body_triangles=221545 pivot=(-11.593,-0.325,-1.644)
02:53:11.837 unit team=blue plate=base_top_slide light=False components=20 center=(-11.592,-0.324,-1.644) normal=(0.462,0.887,0) size=(0.126,0.057)
02:53:11.837 unit team=blue plate=base_top_slide light=True components=19 center=(-11.593,-0.33,-1.644) normal=(-0.136,-0.991,0) size=(0.131,0.055)
02:53:11.837 load_ok annotation=RMUC2026_MAP.component_roles.json terrain=RMUC2026_MAP.terraincache.lz4 items=2 units=4 body_triangles=439306 unit_triangles=2503
07:44:03.415 item team=red name=红方基地顶部交互组件 components=9098 body_triangles=217761 pivot=(11.591,-0.323,-1.644)
07:44:03.418 unit team=red plate=base_top_slide light=False components=19 center=(11.591,-0.323,-1.644) normal=(1,0,0) size=(0.126,0.054)
07:44:03.418 unit team=red plate=base_top_slide light=True components=20 center=(11.591,-0.333,-1.644) normal=(-0.053,-0.999,-0) size=(0.131,0.066)
07:44:03.418 item team=blue name=蓝方基地顶部交互组件 components=9188 body_triangles=221545 pivot=(-11.593,-0.325,-1.644)
07:44:03.418 unit team=blue plate=base_top_slide light=False components=20 center=(-11.592,-0.324,-1.644) normal=(0.462,0.887,0) size=(0.126,0.057)
07:44:03.418 unit team=blue plate=base_top_slide light=True components=19 center=(-11.593,-0.33,-1.644) normal=(-0.136,-0.991,0) size=(0.131,0.055)
07:44:03.418 load_ok annotation=RMUC2026_MAP.component_roles.json terrain=RMUC2026_MAP.terraincache.lz4 items=2 units=4 body_triangles=439306 unit_triangles=2503
07:51:54.076 item team=red name=红方基地顶部交互组件 components=9098 body_triangles=217761 pivot=(11.591,-0.323,-1.644)
07:51:54.077 unit team=red plate=base_top_slide light=False components=19 center=(11.591,-0.323,-1.644) normal=(1,0,0) size=(0.126,0.054)
07:51:54.077 unit team=red plate=base_top_slide light=True components=20 center=(11.591,-0.333,-1.644) normal=(-0.053,-0.999,-0) size=(0.131,0.066)
07:51:54.077 item team=blue name=蓝方基地顶部交互组件 components=9188 body_triangles=221545 pivot=(-11.593,-0.325,-1.644)
07:51:54.077 unit team=blue plate=base_top_slide light=False components=20 center=(-11.592,-0.324,-1.644) normal=(0.462,0.887,0) size=(0.126,0.057)
07:51:54.077 unit team=blue plate=base_top_slide light=True components=19 center=(-11.593,-0.33,-1.644) normal=(-0.136,-0.991,0) size=(0.131,0.055)
07:51:54.077 load_ok annotation=RMUC2026_MAP.component_roles.json terrain=RMUC2026_MAP.terraincache.lz4 items=2 units=4 body_triangles=439306 unit_triangles=2503
07:52:31.116 item team=red name=红方基地顶部交互组件 components=9098 body_triangles=217761 pivot=(11.591,-0.323,-1.644)
07:52:31.117 unit team=red plate=base_top_slide light=False components=19 center=(11.591,-0.323,-1.644) normal=(1,0,0) size=(0.126,0.054)
07:52:31.117 unit team=red plate=base_top_slide light=True components=20 center=(11.591,-0.333,-1.644) normal=(-0.053,-0.999,-0) size=(0.131,0.066)
07:52:31.117 item team=blue name=蓝方基地顶部交互组件 components=9188 body_triangles=221545 pivot=(-11.593,-0.325,-1.644)
07:52:31.117 unit team=blue plate=base_top_slide light=False components=20 center=(-11.592,-0.324,-1.644) normal=(0.462,0.887,0) size=(0.126,0.057)
07:52:31.117 unit team=blue plate=base_top_slide light=True components=19 center=(-11.593,-0.33,-1.644) normal=(-0.136,-0.991,0) size=(0.131,0.055)
07:52:31.117 load_ok annotation=RMUC2026_MAP.component_roles.json terrain=RMUC2026_MAP.terraincache.lz4 items=2 units=4 body_triangles=439306 unit_triangles=2503
07:52:51.755 item team=red name=红方基地顶部交互组件 components=9098 body_triangles=217761 pivot=(11.591,-0.323,-1.644)
07:52:51.767 unit team=red plate=base_top_slide light=False components=19 center=(11.591,-0.323,-1.644) normal=(1,0,0) size=(0.126,0.054)
07:52:51.767 unit team=red plate=base_top_slide light=True components=20 center=(11.591,-0.333,-1.644) normal=(-0.053,-0.999,-0) size=(0.131,0.066)
07:52:51.767 item team=blue name=蓝方基地顶部交互组件 components=9188 body_triangles=221545 pivot=(-11.593,-0.325,-1.644)
07:52:51.767 unit team=blue plate=base_top_slide light=False components=20 center=(-11.592,-0.324,-1.644) normal=(0.462,0.887,0) size=(0.126,0.057)
07:52:51.767 unit team=blue plate=base_top_slide light=True components=19 center=(-11.593,-0.33,-1.644) normal=(-0.136,-0.991,0) size=(0.131,0.055)
07:52:51.767 load_ok annotation=RMUC2026_MAP.component_roles.json terrain=RMUC2026_MAP.terraincache.lz4 items=2 units=4 body_triangles=439306 unit_triangles=2503
08:00:16.409 item team=red name=红方基地顶部交互组件 components=9098 body_triangles=217761 pivot=(11.591,-0.323,-1.644)
08:00:16.410 unit team=red plate=base_top_slide light=False components=19 center=(11.591,-0.323,-1.644) normal=(1,0,0) size=(0.126,0.054)
08:00:16.410 unit team=red plate=base_top_slide light=True components=20 center=(11.591,-0.333,-1.644) normal=(-0.053,-0.999,-0) size=(0.131,0.066)
08:00:16.410 item team=blue name=蓝方基地顶部交互组件 components=9188 body_triangles=221545 pivot=(-11.593,-0.325,-1.644)
08:00:16.410 unit team=blue plate=base_top_slide light=False components=20 center=(-11.592,-0.324,-1.644) normal=(0.462,0.887,0) size=(0.126,0.057)
08:00:16.410 unit team=blue plate=base_top_slide light=True components=19 center=(-11.593,-0.33,-1.644) normal=(-0.136,-0.991,0) size=(0.131,0.055)
08:00:16.410 load_ok annotation=RMUC2026_MAP.component_roles.json terrain=RMUC2026_MAP.terraincache.lz4 items=2 units=4 body_triangles=439306 unit_triangles=2503
08:03:42.980 item team=red name=红方基地顶部交互组件 components=9098 body_triangles=217761 pivot=(11.591,-0.323,-1.644)
08:03:42.981 unit team=red plate=base_top_slide light=False components=19 center=(11.591,-0.323,-1.644) normal=(1,0,0) size=(0.126,0.054)
08:03:42.981 unit team=red plate=base_top_slide light=True components=20 center=(11.591,-0.333,-1.644) normal=(-0.053,-0.999,-0) size=(0.131,0.066)
08:03:42.981 item team=blue name=蓝方基地顶部交互组件 components=9188 body_triangles=221545 pivot=(-11.593,-0.325,-1.644)
08:03:42.981 unit team=blue plate=base_top_slide light=False components=20 center=(-11.592,-0.324,-1.644) normal=(0.462,0.887,0) size=(0.126,0.057)
08:03:42.981 unit team=blue plate=base_top_slide light=True components=19 center=(-11.593,-0.33,-1.644) normal=(-0.136,-0.991,0) size=(0.131,0.055)
08:03:42.981 load_ok annotation=RMUC2026_MAP.component_roles.json terrain=RMUC2026_MAP.terraincache.lz4 items=2 units=4 body_triangles=439306 unit_triangles=2503
08:12:08.455 item team=red name=红方基地顶部交互组件 components=9098 body_triangles=217761 pivot=(11.591,-0.323,-1.644)
08:12:08.455 unit team=red plate=base_top_slide light=False components=19 center=(11.591,-0.323,-1.644) normal=(1,0,0) size=(0.126,0.054)
08:12:08.455 unit team=red plate=base_top_slide light=True components=20 center=(11.591,-0.333,-1.644) normal=(-0.053,-0.999,-0) size=(0.131,0.066)
08:12:08.455 item team=blue name=蓝方基地顶部交互组件 components=9188 body_triangles=221545 pivot=(-11.593,-0.325,-1.644)
08:12:08.455 unit team=blue plate=base_top_slide light=False components=20 center=(-11.592,-0.324,-1.644) normal=(0.462,0.887,0) size=(0.126,0.057)
08:12:08.455 unit team=blue plate=base_top_slide light=True components=19 center=(-11.593,-0.33,-1.644) normal=(-0.136,-0.991,0) size=(0.131,0.055)
08:12:08.456 load_ok annotation=RMUC2026_MAP.component_roles.json terrain=RMUC2026_MAP.terraincache.lz4 items=2 units=4 body_triangles=439306 unit_triangles=2503
